
Subgraph user/example-subgraph created in from-example

Next steps:

  1. Run `graph auth  https://deploy.hg.network/ <access-token>`
     to authenticate with the hosted service. You can get the access token from
     https://dashboard.hg.network/.

  2. Type `cd from-example` to enter the subgraph.

  3. Run `yarn deploy` to deploy the subgraph to
     https://e.hg.network/subgraph/user/example-subgraph.

Make sure to visit the documentation on https://docs.hg.network for further information.
